// Jest Snapshot v1, https://goo.gl/fbAQLP

exports[`Tests for the Card component consistently renders the right HTML 1`] = `[Function]`;
