// Jest Snapshot v1, https://goo.gl/fbAQLP

exports[`Tests for Carousel component consistently renders the right HTML 1`] = `[Function]`;
