// Jest Snapshot v1, https://goo.gl/fbAQLP

exports[`Tests for Box Component Renders a consistent user interface 1`] = `[Function]`;
