// Jest Snapshot v1, https://goo.gl/fbAQLP

exports[`Tests for BoxList Component Renders a consistent user interface (no boxes) 1`] = `[Function]`;
