// Jest Snapshot v1, https://goo.gl/fbAQLP

exports[`Tests for the TodoList component Renders the same UI consistently 1`] = `[Function]`;
